#-----------------------------------------------------------
# Webtalk v2021.1 (64-bit)
# SW Build 3247384 on Thu Jun 10 19:36:33 MDT 2021
# IP Build 3246043 on Fri Jun 11 00:30:35 MDT 2021
# Start of session at: Tue Mar 11 14:48:08 2025
# Process ID: 89200
# Current directory: C:/Work/Codes/Realtime/encode_ru_wd/ldpc_ru_encoder/ldpc_ru_encoder.sim/sim_1/behav/xsim
# Command line: wbtcv.exe -mode batch -source C:/Work/Codes/Realtime/encode_ru_wd/ldpc_ru_encoder/ldpc_ru_encoder.sim/sim_1/behav/xsim/xsim.dir/tb_qc_encoder_behav/webtalk/xsim_webtalk.tcl -notrace
# Log file: C:/Work/Codes/Realtime/encode_ru_wd/ldpc_ru_encoder/ldpc_ru_encoder.sim/sim_1/behav/xsim/webtalk.log
# Journal file: C:/Work/Codes/Realtime/encode_ru_wd/ldpc_ru_encoder/ldpc_ru_encoder.sim/sim_1/behav/xsim\webtalk.jou
#-----------------------------------------------------------
source C:/Work/Codes/Realtime/encode_ru_wd/ldpc_ru_encoder/ldpc_ru_encoder.sim/sim_1/behav/xsim/xsim.dir/tb_qc_encoder_behav/webtalk/xsim_webtalk.tcl -notrace
