#-----------------------------------------------------------
# Webtalk v2021.1 (64-bit)
# SW Build 3247384 on Thu Jun 10 19:36:33 MDT 2021
# IP Build 3246043 on Fri Jun 11 00:30:35 MDT 2021
# Start of session at: Mon Mar 17 14:43:02 2025
# Process ID: 15996
# Current directory: C:/Work/Codes/Realtime/encode_ru_wd/ldpc_ru_encoder/ldpc_ru_encoder.sim/sim_fifo/behav/xsim
# Command line: wbtcv.exe -mode batch -source C:/Work/Codes/Realtime/encode_ru_wd/ldpc_ru_encoder/ldpc_ru_encoder.sim/sim_fifo/behav/xsim/xsim.dir/FIFO_async_behav/webtalk/xsim_webtalk.tcl -notrace
# Log file: C:/Work/Codes/Realtime/encode_ru_wd/ldpc_ru_encoder/ldpc_ru_encoder.sim/sim_fifo/behav/xsim/webtalk.log
# Journal file: C:/Work/Codes/Realtime/encode_ru_wd/ldpc_ru_encoder/ldpc_ru_encoder.sim/sim_fifo/behav/xsim\webtalk.jou
#-----------------------------------------------------------
source C:/Work/Codes/Realtime/encode_ru_wd/ldpc_ru_encoder/ldpc_ru_encoder.sim/sim_fifo/behav/xsim/xsim.dir/FIFO_async_behav/webtalk/xsim_webtalk.tcl -notrace
